    Finished `test` profile [optimized + debuginfo] target(s) in 0.57s
     Running unittests src/lib.rs (target/debug/deps/kaski_render-47588ece18dc6974)

running 292 tests
test tests::camera::a_point_moves_continuously_on_the_screen_as_the_camera_pulls_out ... ok
test tests::camera::a_ground_tile_is_a_diamond_four_wide_to_three_tall_from_every_quarter ... ok
test tests::camera::a_quarter_turn_is_a_rotation_of_the_ground_and_four_come_back_round ... ok
test tests::camera::a_small_turn_of_the_orbit_moves_the_picture_a_little_and_not_by_a_quarter ... ok
test tests::bend::the_slang_bend_reads_every_number_by_its_name ... ok
test tests::camera::a_snapped_frame_lands_the_world_on_whole_target_pixels ... ok
test tests::camera::at_any_angle_of_the_orbit_the_matrix_and_the_unprojection_agree_with_the_view ... ok
test tests::bend::the_slang_bend_takes_the_cpu_ports_numbers ... ok
test tests::camera::a_voxels_height_spans_as_many_pixels_as_a_unit_across_the_screen ... ok
test tests::camera::a_view_point_unprojects_to_the_ground_point_it_came_from_at_its_height ... ok
test tests::camera::something_higher_or_nearer_is_in_front ... ok
test tests::camera::the_pitch_and_the_stretch_ease_by_one_smooth_curve_of_the_zoom_with_no_hitch ... ok
test tests::camera::the_pitch_is_the_one_whose_sine_is_three_quarters ... ok
test tests::camera::the_figures_turn_with_the_camera_the_same_way_the_world_does ... ok
test tests::camera::the_upscale_is_the_largest_whole_number_that_fits ... ok
test tests::camera::the_view_matrix_does_what_to_view_does ... ok
test tests::camera::the_projection_puts_the_frame_on_the_clip_square ... ok
test tests::clouds::a_clear_sky_shades_nothing ... ok
test tests::clouds::a_surface_under_a_cloud_takes_less_of_the_sun_than_one_in_the_clear ... ok
test tests::clouds::a_cloud_takes_the_share_of_the_light_the_sky_says ... ok
test tests::clouds::clouds_cover_some_of_the_ground_and_take_part_of_the_light_there ... ok
test tests::cut::in_the_top_down_map_the_scene_block_draws_the_walls_up ... ok
test tests::clouds::the_field_comes_round_whole_as_the_drawing_clock_wraps ... ok
test tests::clouds::the_shadows_move_with_the_wind ... ok
test tests::cut::in_the_top_down_map_the_walls_stand_whole_whatever_the_toggle_says ... ok
test tests::cut::reading_the_column_a_face_lies_on_misses_the_far_walls_outer_faces ... ok
test tests::cut::every_face_of_every_wall_reads_a_cut_column_with_the_walls_down ... ok
test tests::cut::the_shader_cuts_a_face_by_the_same_column ... ok
test tests::cut::walls_down_cut_every_column_of_the_house_its_corners_too_and_nothing_outside ... ok
test tests::cutaway::a_tree_beside_the_line_or_behind_the_focus_is_kept ... ok
test tests::cutaway::a_tree_on_the_line_of_sight_is_hidden_where_the_toggle_cuts_and_kept_with_the_walls_up ... ok
test tests::cutaway::a_hidden_snapshot_is_shrunk_to_the_box_round_its_trunk ... ok
test tests::cutaway::every_part_card_carries_its_trees_crown_reach_laid_with_the_tile ... ok
test tests::cutaway::in_the_top_down_map_no_tree_is_hidden_whatever_the_toggle_says ... ok
test tests::cutaway::more_trees_are_cleared_further_out_and_fewer_close_up ... ok
test tests::cutaway::the_cut_is_centred_at_or_below_the_point_the_camera_aims_at_at_every_zoom_and_turn ... ok
test tests::cutaway::the_cut_is_below_the_aim_by_a_visible_share_where_the_view_is_steep ... ok
test tests::cutaway::the_hidden_set_follows_the_camera_as_it_pans_turns_and_zooms ... ok
test tests::cutaway::the_map_begins_where_the_trees_stop_standing ... ok
test tests::cutaway::the_margin_grows_with_the_zoom_from_a_bit_over_the_first_rounds_voxel ... ok
test tests::cutaway::the_part_and_snapshot_passes_keep_the_trunk_as_the_host_does ... ok
test tests::cutaway::the_shader_tests_a_tree_as_the_host_does_and_only_while_the_word_is_set ... ok
test tests::cutaway::the_sight_word_is_the_focus_and_the_margin_only_where_the_toggle_cuts ... ok
test tests::cutaway::the_suns_views_hide_no_tree_so_a_hidden_tree_keeps_its_shadow ... ok
test tests::cutaway::zooming_and_panning_never_build_the_cut_field_again_and_crossing_into_the_map_does_once ... ok
test tests::daylight::a_cooler_sun_gives_a_warmer_light ... ok
test tests::daylight::a_high_sun_is_stronger_and_whiter_than_a_low_one ... ok
test tests::daylight::the_brightest_sun_and_moon_are_handed_on_where_they_stand ... ok
test tests::cutaway::a_hidden_trees_trunk_runs_are_drawn_and_its_crown_is_not ... ok
test tests::daylight::the_light_falls_from_the_sun_where_the_sky_says_it_stands ... ok
test tests::daylight::the_moon_lights_the_night_by_its_phase_from_where_it_stands ... ok
test tests::daylight::the_sky_is_blue_by_day_warm_through_twilight_and_lifted_by_a_full_moon ... ok
test tests::daylight::the_sky_is_lighter_at_the_horizon_by_day_and_warmer_there_through_twilight ... ok
test tests::daylight::the_village_s_east_north_and_up_are_the_world_s_minus_x_plus_y_and_plus_z ... ok
test tests::cutaway::a_laid_snapshot_carries_its_kinds_trunk_box ... ok
test tests::daylight::two_suns_up_light_more_than_one ... ok
test tests::daylight::the_light_eases_through_a_real_day_with_no_step ... ok
test tests::depth_reads::the_depth_sampler_filters_nearest_and_compares_nothing ... ok
test tests::depth_reads::a_depth_load_with_no_sampler_is_caught_through_a_function_argument ... ok
test tests::cutaway::the_trunk_mark_is_on_the_low_runs_of_the_trunk_only ... ok
test tests::dither::the_probe_catches_a_dither_and_lets_depth_through ... ok
test tests::depth_reads::the_shaders_that_read_depth_are_seen_reading_it ... ok
test tests::dither::no_shader_drawing_the_art_dithers ... ok
test tests::dusk::a_low_sun_lights_gold_against_a_blue_shade_and_noon_does_not ... ok
test tests::drawing_clock::paused_the_drawing_time_stands_still_while_the_page_runs_on ... ok
test tests::dusk::the_sun_on_the_horizon_is_orange_and_ten_degrees_up_gold ... ok
test tests::depth_reads::every_stage_reads_depth_through_the_nearest_sampler ... ok
test tests::drawing_clock::at_faster_the_drawing_time_runs_six_times_as_fast_as_at_normal ... ok
test tests::extract_things::a_change_to_one_tiles_plants_hands_over_the_reach_of_their_crowns_alone ... ok
test tests::facts::furniture_stands_on_its_spot_as_an_instance_of_its_kind_and_plants_are_left_to_the_sprites ... ok
test tests::facts::the_patch_holds_each_column_of_its_area_row_by_row ... ok
test tests::facts_cache::a_tiles_facts_are_read_again_only_when_its_revision_moves ... ok
test tests::fall::a_fall_turns_a_point_up_the_trunk_down_along_the_way_it_falls ... ok
test tests::extract_things::a_read_in_which_nothing_changed_hands_nothing_over ... ok
test tests::fall::a_felled_tree_is_no_tree_icon_on_the_map ... ok
test tests::extract_things::the_extraction_rereads_only_the_tiles_whose_things_changed ... ok
test tests::fall::the_part_stage_turns_its_cards_by_the_fall_as_the_host_does ... ok
test tests::extract_things::a_change_to_one_tiles_facts_hands_over_that_tile_alone ... ok
test tests::fall::a_falling_tree_is_laid_again_only_as_its_lean_steps ... ok
test tests::fall::a_felled_trees_part_records_carry_its_fall_and_a_limbed_one_only_its_trunk ... ok
test tests::far_plants::a_zoom_that_moves_the_radius_a_little_lays_nothing_again ... ok
test tests::far_plants::the_fine_map_takes_only_the_part_cards_of_the_plants_near_enough_to_cast_into_it ... ok
test tests::fire_light::a_flame_stands_by_heskestads_height_and_puffs_by_its_width ... ok
test tests::fire_light::a_hotter_fire_is_a_stronger_paler_light_and_neighbours_flicker_out_of_step ... ok
test tests::fire_light::every_fire_near_the_view_is_a_light_and_one_beyond_the_reach_is_not ... ok
test tests::fire_light::shadow_tiles_lie_inside_the_atlas_and_never_overlap ... ok
test tests::fire_light::the_nearest_shadows_are_full_the_rest_less_and_the_farthest_beyond_the_budget_casts_none ... ok
test tests::fire_shadow::a_fires_shadow_reaches_as_far_as_its_glow ... ok
test tests::fire_shadow::a_wall_beside_a_fire_darkens_its_far_side_and_not_its_near_one ... ok
test tests::fire_shadow::the_figures_of_each_full_cube_are_drawn_at_its_place_under_the_worlds_half ... ok
test tests::far_plants::a_far_trees_layout_is_worked_out_once_while_wanted_and_only_a_few_a_lay ... ok
test tests::far_coarser::a_wood_of_more_looks_than_the_atlas_holds_settles_with_the_rest_kept_coarser ... ok
test tests::flame::each_colour_lies_in_a_few_flat_regions_not_scattered_specks ... ok
test tests::flame::each_step_is_drawn_over_the_last_and_still_a_new_pose ... ok
test tests::fire_and_rain::a_fire_spreads_through_a_dry_stand_and_the_rain_puts_it_out_as_drawn has been running for over 60 seconds
test tests::flame::a_small_fire_licks_oftener_than_a_big_one has been running for over 60 seconds
test tests::flame::it_is_drawn_in_the_four_bands_hot_low_and_cool_at_the_tips ... ok
test tests::flame::no_pixel_stands_alone_inside_another_colour ... ok
test tests::flame::a_small_fire_licks_oftener_than_a_big_one ... ok
test tests::flame::no_two_steps_share_a_drawing_and_two_fires_do_not_burn_alike ... ok
test tests::flame::some_tongues_float_free_of_the_body ... ok
test tests::flame::the_flame_rises_from_a_ragged_foot_never_a_straight_line ... ok
test tests::flame::the_flame_stays_in_its_card ... ok
test tests::flame::the_foot_is_still_logs_with_embers_on_them ... ok
test tests::flame::the_top_is_several_tongues_not_one_peak ... ok
test tests::ground_drawn::a_print_fades_a_band_in_its_last_half_and_is_gone_once_it_has_faded ... ok
test tests::ground_drawn::a_print_laid_late_in_the_day_shows_like_one_laid_at_dawn ... ok
test tests::ground_drawn::a_walker_leaves_prints_in_mud_and_none_on_stone ... ok
test tests::ground_drawn::compacted_earth_in_rain_is_mud_where_the_cover_shows_earth ... ok
test tests::impostor::a_block_wider_than_the_grid_or_empty_is_never_found ... ok
test tests::impostor::a_free_grid_holds_exactly_as_many_blocks_of_any_shape_as_fit_and_never_overlaps ... ok
test tests::impostor::a_full_atlas_gives_up_the_longest_unwanted_and_never_what_this_lay_wants ... ok
test tests::impostor::a_large_slot_clears_every_small_one_in_its_window_and_only_those ... ok
test tests::impostor::a_snapshot_is_used_only_by_a_lay_after_the_one_that_took_it ... ok
test tests::impostor::a_tree_too_large_for_a_slot_at_the_tier_asked_is_kept_coarser_and_not_refused ... ok
test tests::ground_drawn::rain_darkens_the_ground_in_hard_bands_and_drying_gives_back_its_pixels ... ok
test tests::impostor::lay::a_snapshot_record_is_one_plane_and_a_half_turn_of_the_camera_is_the_same_view_mirrored ... ok
test tests::impostor::lay::a_tree_in_the_band_between_parts_and_snapshot_keeps_its_form_as_the_zoom_goes_out_and_back ... ok
test tests::impostor::lay::a_tree_past_its_parts_stays_as_its_parts_until_its_snapshot_is_used_and_is_never_unseen_between ... ok
test tests::impostor::releasing_frees_every_tile_of_one_owner_and_no_other ... ok
test tests::impostor::shaders::the_snapshot_a_tree_is_drawn_by_binds_what_a_plant_drawn_whole_does_and_is_cast_as_one_is ... ok
test tests::impostor::shaders::the_snapshot_pass_reads_both_images_in_its_fragment_and_none_in_its_vertex ... ok
test tests::impostor::shaders::the_snapshot_pass_reads_the_part_atlas_alone_and_takes_a_grid_vertex_and_one_instance_of_four_vectors ... ok
test tests::impostor::shaders::the_snapshot_pass_writes_the_material_and_the_normal_to_two_targets ... ok
test tests::impostor::the_first_snapshot_of_a_frame_is_taken_whatever_it_costs_and_the_rest_within_the_budget ... ok
test tests::impostor::the_tier_a_zoom_asks_for_never_gets_finer_as_the_zoom_goes_out_and_a_texel_never_outruns_a_pixel ... ok
test tests::impostor::the_tier_to_draw_at_is_the_finest_no_finer_than_asked_else_the_coarsest_finer ... ok
test tests::impostor::the_view_chosen_is_the_nearest_azimuth_over_the_whole_turn ... ok
test tests::impostor::the_view_nearest_the_camera_is_one_of_the_views_taken_and_the_other_half_turn_is_its_mirror ... ok
test tests::impostor::the_window_cleared_is_the_one_whose_dearest_occupant_is_cheapest_and_never_one_that_may_not_be ... ok
test tests::kinds::the_kinds_are_resolved_once_and_again_only_for_other_tables ... ok
test tests::layers::a_crowd_past_the_record_budget_is_cut_at_it ... ok
test tests::layers::a_figure_heading_left_is_mirrored_about_its_foot ... ok
test tests::layers::a_figure_is_drawn_into_the_atlas_once_and_placed_every_frame ... ok
test tests::impostor::every_tree_fits_a_slot_at_some_tier_no_finer_than_asked_and_its_views_sit_inside_the_slot ... ok
test tests::layers::a_full_atlas_never_drops_a_figures_layer ... ok
test tests::layers::a_jump_snaps_every_figure_to_rest_as_a_fresh_view_would ... ok
test tests::layers::no_more_figures_change_in_a_frame_than_the_motion_budget_steps ... ok
test tests::layers::plants_take_the_world_palette_and_the_rows_under_the_figures_and_furniture_lays_none ... ok
test tests::layers::the_palette_holds_the_world_then_one_row_a_figure ... ok
test tests::marker_inputs::the_marker_shader_reads_the_quad_and_the_instance_words_where_the_pass_binds_them ... ok
test tests::markers::a_lens_is_drawn_by_its_key_and_one_content_adds_is_the_land_as_it_is ... ok
test tests::markers::a_marked_tree_takes_the_icon_its_own_form_is_given ... ok
test tests::markers::a_tree_stands_exactly_until_the_camera_has_finished_easing_to_top_down_and_never_drops_at_six_pixels ... ok
test tests::markers::the_icon_atlas_holds_each_derived_tree_icon_in_a_cell_of_its_own_drawn_from_its_drawing ... ok
test tests::markers::the_lens_fades_in_only_once_things_no_longer_stand ... ok
test tests::markers::the_markers_replace_sprites_below_their_size ... ok
test tests::markers::the_trees_icons_follow_the_room_on_the_screen_and_not_the_count_of_trees ... ok
test tests::markers::with_icons_on_no_zoom_draws_a_figure_or_a_tree_neither_way ... ok
test tests::night::at_midnight_a_figure_reads_against_the_ground_and_it_is_still_night ... ok
test tests::night::at_night_a_fires_light_thins_out_gently_and_reaches_far ... ok
test tests::night::at_night_the_moon_shades_a_surface_through_its_normal ... ok
test tests::night::at_noon_a_fires_light_adds_nothing_beyond_a_short_reach ... ok
test tests::night::the_days_light_is_gone_exactly_when_the_sun_is_under_the_horizon ... ok
test tests::layers::a_forest_never_takes_a_figures_place_and_only_the_trees_near_the_view_are_drawn ... ok
test tests::grid::the_grid_darkens_thin_lines_along_the_columns_and_nothing_else ... ok
test tests::occlusion::a_figure_behind_a_wall_is_hidden_where_the_wall_covers_it has been running for over 60 seconds
test tests::occlusion::a_figure_half_behind_a_trunk_shows_only_the_uncovered_half has been running for over 60 seconds
test tests::occlusion::a_figure_in_front_of_a_wall_draws_over_it has been running for over 60 seconds
test tests::occlusion::a_figure_half_behind_a_trunk_shows_only_the_uncovered_half ... ok
test tests::fire_and_rain::a_fire_spreads_through_a_dry_stand_and_the_rain_puts_it_out_as_drawn ... ok
test tests::occlusion::the_cutaway_reveals_a_figure_inside_a_house has been running for over 60 seconds
test tests::occlusion::a_figure_in_front_of_a_wall_draws_over_it ... ok
test tests::occlusion::the_window_is_one_target_at_one_pixel_a_pixel ... ok
test tests::overlay::a_legend_at_twice_the_scale_draws_each_texel_as_a_square_of_two_and_lays_its_lines_twice_as_far ... ok
test tests::overlay::a_legend_longer_than_the_target_goes_on_in_another_column ... ok
test tests::overlay::a_need_is_marked_exactly_past_its_threshold_standing_and_as_an_icon ... ok
test tests::overlay::a_prop_is_drawn_only_in_its_band ... ok
test tests::overlay::a_row_is_drawn_only_in_its_lenses ... ok
test tests::overlay::a_slot_on_the_window_is_the_target_pixels_wholly_inside_it ... ok
test tests::overlay::a_work_is_drawn_as_a_badge_beside_its_actor ... ok
test tests::overlay::an_icon_over_what_stands_wins_where_it_meets_one_the_world_hides ... ok
test tests::overlay::each_kind_of_actor_is_drawn_distinct_in_the_frame_and_a_group_alike ... ok
test tests::overlay::every_row_the_tests_name_resolves_and_each_kind_has_a_cell_drawn_apart ... ok
test tests::overlay::need_markers_follow_their_own_toggle_standing_and_as_an_icon ... ok
test tests::overlay::only_the_most_pressing_need_crossed_is_marked ... ok
test tests::overlay::the_legend_is_laid_inside_the_slot_it_is_given_and_never_past_it ... ok
test tests::overlay::the_legend_lists_what_is_drawn_and_renders_its_icons_and_labels ... ok
test tests::overlay::the_legend_shows_in_the_map_views_and_wants_its_slot ... ok
test tests::occlusion::the_silhouettes_show_as_the_players_setting_says_and_faintly has been running for over 60 seconds
test tests::pack_drawn::a_prop_a_pack_gives_a_model_is_drawn_and_one_it_gives_none_is_not has been running for over 60 seconds
test tests::pack_drawn::a_prop_a_pack_gives_a_model_is_drawn_and_one_it_gives_none_is_not ... ok
test tests::painted::a_lit_ball_takes_a_few_tones_with_soft_transitions_and_no_ramp ... ok
test tests::painted::no_two_neighbouring_pixels_of_the_ball_alternate_as_a_dither ... ok
test tests::painted::the_hue_moves_with_the_tone ... ok
test tests::painted::where_two_tones_meet_is_placed_by_strokes_that_hold_still ... ok
test tests::occlusion::a_figure_behind_a_wall_is_hidden_where_the_wall_covers_it ... ok
test tests::painted::yard::a_wall_still_casts_its_shadow_on_the_ground has been running for over 60 seconds
test tests::painted::yard::no_two_neighbouring_pixels_of_the_ground_alternate_as_a_dither ... ok
test tests::painted::yard::the_yard_at_noon_dusk_and_night has been running for over 60 seconds
test tests::painted::yard::the_yard_at_noon_dusk_and_night ... ok
test tests::part_slots::a_lay_after_one_tile_changed_writes_only_that_tiles_part_records ... ok
test tests::part_slots::the_cards_drawn_through_their_slots_are_those_a_lay_from_nothing_draws_in_its_order ... ok
test tests::part_slots::where_the_free_slots_are_too_broken_for_a_plant_every_plant_is_written_again_and_drawn_right ... ok
test tests::plan::a_placed_plan_and_what_is_not_up_of_a_scaffold_are_drawn_from_the_things has been running for over 60 seconds
test tests::plan::a_placed_plan_and_what_is_not_up_of_a_scaffold_are_drawn_from_the_things ... ok
test tests::painted::yard::a_wall_still_casts_its_shadow_on_the_ground ... ok
test tests::occlusion::the_cutaway_reveals_a_figure_inside_a_house ... ok
test tests::plan::a_plan_on_a_second_storey_is_drawn_there_and_cut_with_the_walls_below_it has been running for over 60 seconds
test tests::plan::a_plan_over_bare_ground_is_drawn_blue_and_see_through_from_every_quarter has been running for over 60 seconds
test tests::plan::a_plan_under_a_roof_shows_through_it_fainter_with_its_outline_kept_and_undithered has been running for over 60 seconds
test tests::plan::a_plan_under_a_roof_shows_through_it_fainter_with_its_outline_kept_and_undithered ... ok
test tests::plan::a_plan_on_a_second_storey_is_drawn_there_and_cut_with_the_walls_below_it ... ok
test tests::planet_cover::the_cover_reads_the_same_at_the_four_places_within_a_window_s_luck ... ok
test tests::planet_inputs::the_planet_s_buffers_feed_the_shaders_inputs_by_location ... ok
test tests::planet_inputs::the_planet_s_noise_is_one_corner_and_one_octave_in_a_loop ... ok
test tests::planet_rings::a_new_anchor_changes_no_texel_beyond_the_easing ... ok
test tests::planet_rings::the_rings_meet_each_other_and_a_patch_without_a_gap ... ok
test tests::planet_zoom::the_zoom_out_to_the_whole_ball_has_no_step ... ok
test tests::plant_budget::a_tree_with_the_villages_genes_is_drawn_from_its_own_genome_at_its_grown_height ... ok
test tests::plant_budget::past_the_budget_the_nearest_plants_are_laid_within_it_and_the_cost_holds_as_the_forest_grows ... ok
test tests::plant_budget::trees_of_one_look_share_their_far_cards_however_their_genomes_differ ... ok
test tests::plants::a_bough_bends_more_than_its_trunk_and_the_foot_never_moves ... ok
test tests::plants::a_part_card_is_placed_from_its_record_and_the_store_and_lit_and_cast_as_a_plant_is ... ok
test tests::plants::a_plant_casts_the_suns_shadow_by_its_cards_and_reads_no_depth_it_is_writing ... ok
test tests::plants::a_plants_records_carry_its_snow_and_new_snow_lays_it_again ... ok
test tests::plants::a_small_plant_stands_on_the_planes_its_graph_gives_and_a_grown_tree_as_its_parts ... ok
test tests::plants::a_tall_tree_bends_in_proportion_to_its_height_so_its_crown_is_seen_to_move ... ok
test tests::plants::snow_presses_the_loose_tips_down_and_a_passing_body_pushes_them_aside ... ok
test tests::plants::the_plant_shader_bends_by_the_drawing_and_the_store_and_lights_through_the_normals ... ok
test tests::print_pages::a_print_in_the_facts_is_found_when_its_page_comes_and_lost_when_it_fades ... ok
test tests::print_pages::a_walker_prints_mud_deep_once_a_step_and_stone_not_at_all ... ok
test tests::print_pages::ground_takes_a_print_by_its_soil_its_wetness_and_the_makers_weight ... ok
test tests::print_pages::what_was_rewritten_is_handed_over_once ... ok
test tests::rain::a_drizzle_is_fainter_as_well_as_sparser ... ok
test tests::rain::a_drop_is_faint_over_what_it_falls_in_front_of ... ok
test tests::rain::a_streak_fades_from_its_head_to_its_tail ... ok
test tests::rain::drops_differ_in_how_faint_they_are ... ok
test tests::rain::no_rain_falls_when_it_is_dry ... ok
test tests::rain::rain_falls_as_streaks_one_pixel_wide ... ok
test tests::rain::rain_is_hidden_behind_what_stands_nearer ... ok
test tests::reflect::a_ray_climbing_steeply_sees_the_zenith_and_a_low_one_the_horizon ... ok
test tests::reflect::a_ray_meeting_the_sun_or_the_moon_takes_a_glint ... ok
test tests::reflect::dry_ground_takes_no_sheen_and_wet_open_ground_takes_the_skys ... ok
test tests::reflect::under_the_canopy_wet_ground_takes_its_bounce_rather_than_the_skys ... ok
test tests::scene::a_window_is_fitted_by_the_largest_whole_scale_keeping_the_short_side ... ok
test tests::scene::the_block_carries_the_toggle_and_at_most_its_lights ... ok
test tests::scene::the_matrix_product_composes_in_order ... ok
test tests::scene::the_scene_block_is_the_std140_size_slang_lays_out ... ok
test tests::scene::the_view_centre_lands_mid_target_and_the_whole_world_inside_the_depth_range ... ok
test tests::scene::zoom_closer_than_the_art_is_the_upscale_and_further_out_the_world_drawn_smaller ... ok
test tests::shaders::a_shader_webgl2_cannot_run_is_refused ... ok
test tests::shaders::every_shader_has_its_slang_beside_it ... ok
test tests::shaders::every_shader_reaches_webgl2_in_both_stages ... ok
test tests::shadow::a_shadow_falls_opposite_the_sun ... ok
test tests::shadow::the_suns_map_lands_whole_texels_whichever_way_the_camera_moves ... ok
test tests::silhouette::a_figure_on_ground_below_its_voxel_keeps_its_foot ... ok
test tests::silhouette::a_figures_foot_stands_on_the_drawn_ground_where_it_rises_above_its_voxel ... ok
test tests::silhouette::the_fine_and_the_coarse_grids_each_tile_the_card_once ... ok
test tests::silhouette::the_silhouette_is_one_card_a_layer_over_the_grids_corners ... ok
test tests::smoke::a_flame_is_luminous_low_and_intermittent_above ... ok
test tests::smoke::a_plume_moves_climbing_and_drifting_once_a_drawing_step ... ok
test tests::smoke::a_plume_rises_thins_and_bends_downwind ... ok
test tests::smoke::slices_lie_flat_four_across_and_never_overlap ... ok
test tests::smoke::the_budget_halves_the_window_never_lets_it_sleep_and_brings_it_back ... ok
test tests::smoke::the_smoke_windows_cost_is_fixed_by_pass_count ... ok
test tests::smoke::the_window_fades_into_the_plumes_at_its_edge ... ok
test tests::smoke::the_window_follows_the_view_in_whole_cells_and_starts_empty_when_it_must ... ok
test tests::smoke::the_window_is_fed_in_proportion_to_heat_release_and_only_inside_it ... ok
test tests::smoke_steps::smoke_moves_a_little_each_step_never_as_a_fresh_field ... ok
test tests::sprite_light::a_sprites_normal_changes_its_light_under_the_sun ... ok
test tests::sprite_light::at_night_a_fire_is_the_light_and_the_normal_turns_it ... ok
test tests::sprite_light::in_the_suns_shadow_a_surface_facing_it_takes_the_band_of_one_facing_away ... ok
test tests::sprite_light::the_light_eases_through_the_day_with_no_step_and_the_night_is_the_moon_and_the_fires ... ok
test tests::sprite_light::the_sprite_shaders_fragment_entry_reads_the_normal_image ... ok
test tests::sprite_shader::the_silhouette_shares_the_vertex_and_its_bindings ... ok
test tests::sprite_shader::the_sprite_shader_binds_group_zero_as_the_host_lays_it_out ... ok
test tests::sprite_shader::the_sprite_shader_has_both_entries ... ok
test tests::sprite_shader::the_sprite_vertex_takes_one_attribute_and_the_instance_index ... ok
test tests::sprite_shader::the_sprites_shadow_shares_the_vertex_and_reads_no_depth_it_is_writing ... ok
test tests::sun_maps::a_figure_heads_the_same_way_in_the_suns_view_as_in_the_cameras ... ok
test tests::sun_maps::a_figures_cast_card_faces_the_sun_at_every_camera_angle ... ok
test tests::sun_maps::a_figures_shadow_never_thins_to_a_line ... ok
test tests::sun_maps::the_shadow_of_a_side_on_creature_meets_both_pairs_of_feet ... ok
test tests::sun_maps::the_suns_maps_draw_again_only_when_the_sun_moves_a_texel_or_a_caster_changes ... ok
test tests::terrain::each_ring_is_twice_as_coarse_as_the_one_inside_it_and_leaves_its_square_out ... ok
test tests::terrain::the_height_is_the_column_centres_blended ... ok
test tests::terrain::the_terrain_rings_meet_without_a_gap ... ok
test tests::thing_tiles::only_the_tiles_whose_revision_moved_are_read_again ... ok
test tests::thing_tiles::the_forest_cover_summed_from_the_tiles_is_the_cover_of_every_plant_at_once_and_follows_a_change ... ok
test tests::things::a_frame_that_read_nothing_compares_nothing_and_still_follows_the_view ... ok
test tests::things::a_tile_whose_plants_did_not_change_keeps_its_records_and_only_the_changed_one_is_laid_again ... ok
test tests::things::furniture_is_never_laid_as_a_sprite ... ok
test tests::things::props_and_plants_are_laid_again_only_when_what_is_drawn_of_them_or_the_view_changed ... ok
test tests::things::props_and_plants_are_read_on_the_first_frame_and_then_at_the_drawing_rate ... ok
test tests::things::the_palette_is_handed_over_only_when_it_changed ... ok
test tests::tree_light::a_sign_and_anything_set_on_the_screen_are_drawn_as_they_are ... ok
test tests::tree_light::a_tree_icon_s_lit_side_follows_the_sun_from_morning_to_evening ... ok
test tests::tree_light::the_atlas_carries_a_normal_for_every_pixel_of_a_tree_icon_and_none_for_a_sign ... ok
test tests::plan::every_handle_is_drawn_at_its_point_over_a_wall_in_front_of_it has been running for over 60 seconds
test tests::plan::every_handle_is_drawn_at_its_point_over_a_wall_in_front_of_it ... ok
test tests::volume::only_the_first_step_carries_the_move_and_the_empty_start ... ok
test tests::volume::the_march_undoes_the_scenes_projection ... ok
test tests::volume::the_nearest_fires_are_plumes_and_every_light_a_flame ... ok
test tests::volume::the_volume_shaders_read_what_the_host_binds ... ok
test tests::water::a_body_passing_pushes_the_ground_aside_and_the_store_holds_the_facts_the_ground_draws_from ... ok
test tests::water::a_figure_stands_between_its_two_voxels_by_its_step ... ok
test tests::water::the_store_keeps_its_marks_where_they_are_as_it_follows_the_view ... ok
test tests::water::the_water_mirrors_the_pixel_target_above_its_plane ... ok
test tests::water::the_water_reads_the_copy_above_it_its_depth_and_the_detail_store_and_the_ground_reads_the_store ... ok
test tests::water::water_stands_on_a_ponds_top_and_on_puddles ... ok
test tests::wind::the_slang_hash_multiplies_by_the_noises_numbers ... ok
test tests::wind::the_slang_wind_takes_kaski_winds_numbers ... ok
test tests::plan::a_plan_over_bare_ground_is_drawn_blue_and_see_through_from_every_quarter ... ok
test tests::village::the_village_is_drawn_with_its_people has been running for over 60 seconds
test tests::yard_in_rain::the_trodden_yard_in_rain_and_after_as_drawn has been running for over 60 seconds
test tests::village::the_village_is_drawn_with_its_people ... ok
test tests::occlusion::the_silhouettes_show_as_the_players_setting_says_and_faintly ... ok
test tests::yard_in_rain::the_trodden_yard_in_rain_and_after_as_drawn ... ok

test result: ok. 292 passed; 0 failed; 0 ignored; 0 measured; 0 filtered out; finished in 1584.37s

   Doc-tests kaski_render

running 0 tests

test result: ok. 0 passed; 0 failed; 0 ignored; 0 measured; 0 filtered out; finished in 0.00s

