   Compiling bevy_reflect v0.20.0-rc.2
   Compiling cc v1.5.1
   Compiling regex-syntax v0.8.11
   Compiling rustix v1.1.5
   Compiling regex-automata v0.4.18
   Compiling bevy_ecs v0.20.0-rc.2
   Compiling bevy_math v0.20.0-rc.2
   Compiling blake3 v1.8.7
   Compiling tracing v0.1.44
   Compiling piper v0.2.5
   Compiling crossbeam-channel v0.5.17
   Compiling lexical-util v1.0.7
   Compiling blocking v1.7.0
   Compiling polling v3.11.0
   Compiling async-lock v3.4.2
   Compiling kaski-engine-registry v0.0.0 (/home/user/kaski/mock/crates/kaski-engine-registry)
   Compiling cpufeatures v0.3.1
   Compiling constant_time_eq v0.4.2
   Compiling futures-task v0.3.34
   Compiling const-fnv1a-hash v1.1.0
   Compiling futures-util v0.3.34
   Compiling async-fs v2.2.0
   Compiling async-io v2.6.0
   Compiling ron v0.12.2
   Compiling stackfuture v0.3.1
   Compiling async-broadcast v0.7.2
   Compiling atomicow v1.2.0
   Compiling bevy_app v0.20.0-rc.2
   Compiling bevy_time v0.20.0-rc.2
   Compiling bevy_diagnostic v0.20.0-rc.2
   Compiling bevy_asset v0.20.0-rc.2
   Compiling lexical-write-integer v1.0.6
   Compiling lexical-parse-integer v1.0.6
   Compiling codespan-reporting v0.13.1
   Compiling const_soft_float v0.1.4
   Compiling constgebra v0.1.4
   Compiling lexical-parse-float v1.0.6
   Compiling lexical-write-float v1.0.6
   Compiling kaski-engine-space v0.0.0 (/home/user/kaski/mock/crates/kaski-engine-space)
   Compiling bit-set v0.10.0
   Compiling itertools v0.14.0
   Compiling rand_distr v0.6.0
   Compiling spirv v0.4.0+sdk-1.4.341.0
   Compiling libloading v0.8.9
   Compiling anstyle v1.0.14
   Compiling pxfm v0.1.30
   Compiling naga v30.0.1
   Compiling moxcms v0.8.1
   Compiling ash v0.38.0+1.3.281
   Compiling bevy_shape v0.20.0-rc.2
   Compiling bevy_curve v0.20.0-rc.2
   Compiling lexical-core v1.0.6
   Compiling hexasphere v19.0.0
   Compiling bevy_transform v0.20.0-rc.2
   Compiling parking_lot_core v0.9.12
   Compiling euclid v0.22.14
   Compiling utf8parse v0.2.2
   Compiling byteorder-lite v0.1.0
   Compiling lazy_static v1.5.0
   Compiling presser v0.3.1
   Compiling gpu-allocator v0.28.0
   Compiling sharded-slab v0.1.7
   Compiling image v0.25.10
   Compiling anstyle-parse v1.0.0
   Compiling bevy_mesh v0.20.0-rc.2
   Compiling guillotiere v0.7.0
   Compiling parking_lot v0.12.5
   Compiling bevy_color v0.20.0-rc.2
   Compiling logos v0.16.1
   Compiling lexical v7.0.5
   Compiling lalrpop-util v0.23.1
   Compiling wgpu-naga-bridge v30.0.1
   Compiling annotate-snippets v0.12.16
   Compiling wgsl-types v0.4.4
   Compiling kaski-engine-volume v0.0.0 (/home/user/kaski/mock/crates/kaski-engine-volume)
   Compiling bevy_input v0.20.0-rc.2
   Compiling kaski-engine-genome v0.0.0 (/home/user/kaski/mock/crates/kaski-engine-genome)
   Compiling matchers v0.2.0
   Compiling tracing-log v0.2.0
   Compiling ordered-float v5.5.0
   Compiling nu-ansi-term v0.50.3
   Compiling is_terminal_polyfill v1.70.2
   Compiling renderdoc-sys v1.1.0
   Compiling colorchoice v1.0.5
   Compiling profiling v1.0.18
   Compiling anstyle-query v1.1.5
   Compiling rectangle-pack v0.4.2
   Compiling bevy_image v0.20.0-rc.2
   Compiling anstream v1.0.0
   Compiling wgpu-hal v30.0.1
   Compiling tracing-subscriber v0.3.23
   Compiling bevy_window v0.20.0-rc.2
   Compiling wgsl-parse v0.4.4
   Compiling winnow v1.0.4
   Compiling toml_parser v1.1.3+spec-1.1.0
   Compiling bevy_camera v0.20.0-rc.2
   Compiling bevy_log v0.20.0-rc.2
   Compiling wgpu-core-deps-windows-linux-android v30.0.1
   Compiling kaski-view-contracts v0.0.0 (/home/user/kaski/mock/crates/kaski-view-contracts)
   Compiling toml_datetime v1.1.1+spec-1.1.0
   Compiling wesl v0.4.4
   Compiling serde_spanned v1.1.1
   Compiling toml_writer v1.1.2+spec-1.1.0
   Compiling toml v1.1.6+spec-1.1.0
   Compiling bevy_shader v0.20.0-rc.2
   Compiling wgpu-core v30.0.1
   Compiling bevy_material v0.20.0-rc.2
   Compiling bevy_extract v0.20.0-rc.2
   Compiling wgpu v30.0.1
   Compiling offset-allocator v0.2.0
   Compiling weak-table v0.4.0
   Compiling bevy_render v0.20.0-rc.2
   Compiling bevy_light v0.20.0-rc.2
   Compiling accesskit v0.24.1
   Compiling twox-hash v2.1.4
   Compiling ruzstd v0.9.0
   Compiling bevy_a11y v0.20.0-rc.2
   Compiling kaski-wind v0.0.0 (/home/user/kaski/mock/crates/kaski-wind)
   Compiling kaski-sprite v0.0.0 (/home/user/kaski/mock/crates/kaski-sprite)
   Compiling bevy_core_pipeline v0.20.0-rc.2
   Compiling kaski-engine-ledger v0.0.0 (/home/user/kaski/mock/crates/kaski-engine-ledger)
   Compiling kaski-skeleton v0.0.0 (/home/user/kaski/mock/crates/kaski-skeleton)
   Compiling kaski-motion v0.0.0 (/home/user/kaski/mock/crates/kaski-motion)
   Compiling bevy_internal v0.20.0-rc.2
   Compiling kaski-bundle v0.0.0 (/home/user/kaski/mock/crates/kaski-bundle)
   Compiling kaski-mesh v0.0.0 (/home/user/kaski/mock/crates/kaski-mesh)
   Compiling kaski-engine-frame v0.0.0 (/home/user/kaski/mock/crates/kaski-engine-frame)
   Compiling naga v29.0.4
   Compiling kaski-engine-journal v0.0.0 (/home/user/kaski/mock/crates/kaski-engine-journal)
   Compiling kaski-figure v0.0.0 (/home/user/kaski/mock/crates/kaski-figure)
   Compiling bevy v0.20.0-rc.2
   Compiling kaski-engine-culture v0.0.0 (/home/user/kaski/mock/crates/kaski-engine-culture)
   Compiling kaski-engine-nature v0.0.0 (/home/user/kaski/mock/crates/kaski-engine-nature)
   Compiling kaski-engine-agency v0.0.0 (/home/user/kaski/mock/crates/kaski-engine-agency)
   Compiling kaski-engine-advancement v0.0.0 (/home/user/kaski/mock/crates/kaski-engine-advancement)
   Compiling kaski-items v0.0.0 (/home/user/kaski/mock/crates/kaski-items)
   Compiling kaski-engine-lattice v0.0.0 (/home/user/kaski/mock/crates/kaski-engine-lattice)
   Compiling kaski-sky v0.0.0 (/home/user/kaski/mock/crates/kaski-sky)
   Compiling hexf-parse v0.2.1
   Compiling kaski-village v0.0.0 (/home/user/kaski/mock/crates/kaski-village)
   Compiling kaski-planet v0.0.0 (/home/user/kaski/mock/crates/kaski-planet)
   Compiling kaski-render v0.0.0 (/home/user/kaski/mock/crates/kaski-render)
    Finished `test` profile [optimized + debuginfo] target(s) in 9m 31s
  Executable unittests src/lib.rs (target/debug/deps/kaski_render-47588ece18dc6974)
