control: title+workload+master_seed+threaded counted as 4 (expect 4); bare section 0 -> counter works

=== arvo: 49 [bench.*] sections
  key frequency: {'master_seed': 49, 'title': 49, 'workload': 49, 'threaded': 6}
  sections carrying a key beyond title/workload/master_seed: 6
    bitpack-contention: ['threaded']
    bitpack-contend-decode: ['threaded']
    bitpack-contend-best: ['threaded']
    bitpack-wide: ['threaded']
    bitpack-write-contend-safe: ['threaded']
    bitpack-write-contend-race: ['threaded']

=== hilavitkutin: 29 [bench.*] sections
  key frequency: {'master_seed': 29, 'title': 29, 'workload': 29}
  sections carrying a key beyond title/workload/master_seed: 0

=== vehje: 180 [bench.*] sections
  key frequency: {'master_seed': 180, 'title': 180, 'workload': 180, 'normalise': 157}
  sections carrying a key beyond title/workload/master_seed: 157
    arch_b0: ['normalise']
    arch_b1: ['normalise']
    arch_b2: ['normalise']
    arch_b3: ['normalise']
    arch_b4: ['normalise']
    arch_b5: ['normalise']
    arch_b6: ['normalise']
    arch_match: ['normalise']
    arch_ifchain: ['normalise']
    arch_whole: ['normalise']
    archn_b0: ['normalise']
    archn_b1: ['normalise']
    archn_b2: ['normalise']
    archn_b3: ['normalise']
    archn_b4: ['normalise']
    archn_b5: ['normalise']
    archn_b6: ['normalise']
    archn_match: ['normalise']
    archn_ifchain: ['normalise']
    archn_whole: ['normalise']
    hx_multishot: ['normalise']
    hx_cfg: ['normalise']
    carrier_dispatch_real: ['normalise']
    carrier_dispatch_madd: ['normalise']
    carrier_dispatch_tight: ['normalise']
    carrier_dispatch_scatter: ['normalise']
    carrier_dispatch_wideselect: ['normalise']
    carrier_dispatch_leaf: ['normalise']
    carrier_predecode_real: ['normalise']
    carrier_predecode_madd: ['normalise']
    carrier_predecode_tight: ['normalise']
    carrier_predecode_scatter: ['normalise']
    carrier_predecode_wideselect: ['normalise']
    carrier_predecode_leaf: ['normalise']
    carrier_cfg: ['normalise']
    carrier_layout_real: ['normalise']
    carrier_layout_madd: ['normalise']
    carrier_layout_tight: ['normalise']
    carrier_layout_scatter: ['normalise']
    carrier_layout_wideselect: ['normalise']
    carrier_layout_leaf: ['normalise']
    carrier_valrepr: ['normalise']
    carrier_residual_real: ['normalise']
    carrier_residual_madd: ['normalise']
    carrier_residual_tight: ['normalise']
    carrier_residual_scatter: ['normalise']
    carrier_residual_wideselect: ['normalise']
    carrier_residual_leaf: ['normalise']
    carrier_optimize_real: ['normalise']
    carrier_optimize_madd: ['normalise']
    carrier_optimize_tight: ['normalise']
    carrier_optimize_scatter: ['normalise']
    carrier_optimize_wideselect: ['normalise']
    carrier_optimize_leaf: ['normalise']
    carrier_native_real: ['normalise']
    carrier_native_madd: ['normalise']
    carrier_native_tight: ['normalise']
    carrier_native_scatter: ['normalise']
    carrier_native_wideselect: ['normalise']
    carrier_native_leaf: ['normalise']
    carrier_vertical_real: ['normalise']
    carrier_vertical_madd: ['normalise']
    carrier_vertical_tight: ['normalise']
    carrier_vertical_scatter: ['normalise']
    carrier_vertical_wideselect: ['normalise']
    carrier_vertical_leaf: ['normalise']
    carrier_native_ceiling: ['normalise']
    carrier_setup_real: ['normalise']
    carrier_setup_madd: ['normalise']
    carrier_setup_tight: ['normalise']
    carrier_setup_scatter: ['normalise']
    carrier_setup_wideselect: ['normalise']
    carrier_setup_leaf: ['normalise']
    carrier_coldcycle_real: ['normalise']
    carrier_coldcycle_madd: ['normalise']
    carrier_coldcycle_tight: ['normalise']
    carrier_coldcycle_scatter: ['normalise']
    carrier_coldcycle_wideselect: ['normalise']
    carrier_coldcycle_leaf: ['normalise']
    carrier_entgrid: ['normalise']
    abi_cross_scalar_real: ['normalise']
    abi_cross_scalar_madd: ['normalise']
    abi_cross_scalar_tight: ['normalise']
    abi_cross_scalar_scatter: ['normalise']
    abi_cross_scalar_wideselect: ['normalise']
    abi_cross_scalar_leaf: ['normalise']
    abi_marshal_real: ['normalise']
    abi_marshal_madd: ['normalise']
    abi_marshal_tight: ['normalise']
    abi_marshal_scatter: ['normalise']
    abi_marshal_wideselect: ['normalise']
    abi_marshal_leaf: ['normalise']
    abi_soa_win_real: ['normalise']
    abi_soa_win_madd: ['normalise']
    abi_soa_win_tight: ['normalise']
    abi_soa_win_scatter: ['normalise']
    abi_soa_win_wideselect: ['normalise']
    abi_soa_win_leaf: ['normalise']
    abi_entry_form_real: ['normalise']
    abi_entry_form_madd: ['normalise']
    abi_entry_form_tight: ['normalise']
    abi_entry_form_scatter: ['normalise']
    abi_entry_form_wideselect: ['normalise']
    abi_entry_form_leaf: ['normalise']
    abi_sink_real: ['normalise']
    abi_sink_madd: ['normalise']
    abi_sink_tight: ['normalise']
    abi_sink_scatter: ['normalise']
    abi_sink_wideselect: ['normalise']
    abi_sink_leaf: ['normalise']
    abi_lifecycle_real: ['normalise']
    abi_lifecycle_madd: ['normalise']
    abi_lifecycle_tight: ['normalise']
    abi_lifecycle_scatter: ['normalise']
    abi_lifecycle_wideselect: ['normalise']
    abi_lifecycle_leaf: ['normalise']
    abi_residency_real: ['normalise']
    abi_residency_madd: ['normalise']
    abi_residency_tight: ['normalise']
    abi_residency_scatter: ['normalise']
    abi_residency_wideselect: ['normalise']
    abi_residency_leaf: ['normalise']
    abi_zig_entry_real: ['normalise']
    abi_zig_entry_madd: ['normalise']
    abi_zig_entry_tight: ['normalise']
    abi_zig_entry_scatter: ['normalise']
    abi_zig_entry_wideselect: ['normalise']
    abi_zig_entry_leaf: ['normalise']
    abi_cross_cold_real: ['normalise']
    abi_cross_cold_madd: ['normalise']
    abi_cross_cold_tight: ['normalise']
    abi_cross_cold_scatter: ['normalise']
    abi_cross_cold_wideselect: ['normalise']
    abi_cross_cold_leaf: ['normalise']
    abi_payload_cost_real: ['normalise']
    abi_payload_cost_madd: ['normalise']
    abi_payload_cost_tight: ['normalise']
    abi_payload_cost_scatter: ['normalise']
    abi_payload_cost_wideselect: ['normalise']
    abi_payload_cost_leaf: ['normalise']
    abi_native_cross_real: ['normalise']
    abi_native_cross_madd: ['normalise']
    abi_native_cross_tight: ['normalise']
    abi_native_cross_scatter: ['normalise']
    abi_native_cross_wideselect: ['normalise']
    abi_native_cross_leaf: ['normalise']
    abi_boundary_w_real: ['normalise']
    abi_boundary_w_madd: ['normalise']
    abi_boundary_w_tight: ['normalise']
    abi_boundary_w_scatter: ['normalise']
    abi_boundary_w_wideselect: ['normalise']
    abi_boundary_w_leaf: ['normalise']
    dedup_reuse_unique: ['normalise']
    dedup_reuse_shared: ['normalise']
    str_compare_light: ['normalise']
    str_compare_heavy: ['normalise']
    str_compare_equal: ['normalise']

=== kirjo: 1 [bench.*] sections
  key frequency: {'may_differ': 1, 'required': 1, 'title': 1, 'workload': 1}
  sections carrying a key beyond title/workload/master_seed: 1
    colour_space_dispatch: ['may_differ', 'required']

=== ALL TREES
  total sections: 259
  key frequency: {'master_seed': 258, 'title': 259, 'workload': 259, 'threaded': 6, 'normalise': 157, 'may_differ': 1, 'required': 1}
